<html>
<body>
<pre>
<h1>µVision Build Log</h1>
<h2>Tool Versions:</h2>
IDE-Version: ¦ÌVision V5.34.0.0
Copyright (C) 2021 ARM Ltd and ARM Germany GmbH. All rights reserved.
License Information: 1 Administrator, 1, LIC=PE7DL-0JI53-SB4EJ-UH5SC-ICFL3-EVJMJ
 
Tool Versions:
Toolchain:       MDK-ARM Plus  Version: 5.34.0.0
Toolchain Path:  C:\Keil_v5\ARM\ARMCLANG\Bin
C Compiler:      ArmClang.exe V6.16
Assembler:       Armasm.exe V6.16
Linker/Locator:  ArmLink.exe V6.16
Library Manager: ArmAr.exe V6.16
Hex Converter:   FromElf.exe V6.16
CPU DLL:         
Dialog DLL:      
Target DLL:      Segger\JL2CM3.dll V2.99.38.0
Dialog DLL:      TCM.DLL V1.48.0.0
 
<h2>Project:</h2>
E:\software\git\AHTT\D3-A32FB_MCU\02_App\Prj\Project.uvprojx
Project File Date:  09/01/2026

<h2>Output:</h2>
*** Using Compiler 'V6.16', folder: 'C:\Keil_v5\ARM\ARMCLANG\Bin'
Rebuild target 'D3_A32FB_GD32E503RE'
Note: source file '..\Src\Common\md5.c' - object file renamed from '.\GD32E503\build\md5.o' to '.\GD32E503\build\md5_1.o'.
compiling Asw_ErrorHandleConfig.c...
compiling Asw_LedEvent.c...
compiling Asw_EVSE.c...
compiling Asw_ChargeConfig.c...
compiling Asw_LedEventConfig.c...
compiling Asw_VoltCurHandle.c...
compiling Asw_ErrorHandle.c...
compiling Asw_TempHandle.c...
compiling Asw_Charge.c...
compiling Asw_PlatM.c...
compiling Asw_PlatMConfig.c...
compiling Asw_IotProtoOMM.c...
compiling Asw_IotProtoOMSend.c...
compiling Asw_IotProtoOMRecv.c...
compiling Asw_IotProtoGNSend.c...
compiling Asw_IotProtoGNRecv.c...
compiling Asw_IotProtoGNM.c...
compiling Asw_IotProtoXDTM.c...
compiling Asw_IotProtoXDTRecv.c...
compiling Asw_lotProtoYKC21aes.c...
compiling Asw_IotProtoXDTSend.c...
compiling Asw_lotProtoYKC21rsaOwn.c...
compiling Asw_IotProtoYKC21M.c...
compiling Asw_IotProtoYKC21Recv.c...
compiling Asw_IotProtoYKC21Send.c...
compiling Asw_MonitorConfig.c...
compiling Asw_IotProtoGWEM.c...
compiling Asw_ChargeIf.c...
compiling Asw_IotProtoGWERecv.c...
compiling Asw_Monitor.c...
compiling Asw_IotProtoYKC16M.c...
compiling Asw_IotProtoYKC16Send.c...
compiling Asw_IotProtoYKC16Recv.c...
compiling Asw_IotProtoXJM.c...
compiling Asw_IotProtoGWESend.c...
compiling Asw_IotProtoXJRecv.c...
compiling Asw_IotProtoXJSend.c...
compiling Asw_IotProtoAHTTRecv.c...
compiling Asw_IotProtoAHTTM.c...
compiling Asw_IotProtoAHTTSend.c...
compiling Asw_IotProtoAPM.c...
compiling Asw_IotProtoAPSend.c...
compiling Asw_IotProtoAPRecv.c...
compiling Cdd_CPConfig.c...
compiling Cdd_CP.c...
compiling Cdd_PE.c...
compiling Cdd_Rcd.c...
compiling Cdd_MeterMConfig.c...
compiling Cdd_MeterM.c...
compiling Cdd_Drv_BL0942Config.c...
compiling Cdd_Drv_BL0942.c...
compiling Cdd_RelayConfig.c...
compiling Cdd_Relay.c...
compiling Cdd_SensorConfig.c...
compiling Cdd_Sensor.c...
compiling Cdd_Drv_WS2812BConfig.c...
compiling Cdd_Drv_WS2812B.c...
compiling Cdd_LedM.c...
compiling Cdd_LedMConfig.c...
compiling Cdd_NetM.c...
compiling Cdd_NetMConfig.c...
compiling Cdd_Drv_EG800AKConfig.c...
compiling AT_Module.c...
compiling Cdd_Drv_EG800AK.c...
compiling AT_MQTT.c...
compiling AT_TCP.c...
compiling Cdd_CardMConfig.c...
compiling AT_HTTP.c...
compiling Cdd_ModeM.c...
compiling AT_FTP.c...
compiling Cdd_CardM.c...
compiling Cdd_Drv_LS5120Config.c...
compiling Cdd_Drv_LS5120.c...
compiling fal_flash_w25qxx_port.c...
compiling W25QXX.c...
compiling FlashDB_KVDB_Adapt.c...
compiling FlashDB_KVDB_AdaptConfig.c...
compiling MS_NvmConfig.c...
compiling FlashDB_TSDB_AdaptConfig.c...
compiling MS_Nvm.c...
compiling FlashDB_TSDB_Adapt.c...
compiling MS_MemIfConfig.c...
compiling Mcal_Mcu.c...
compiling MS_MemIf.c...
compiling Mcal_If.c...
compiling Mcal_PortConfig.c...
compiling Mcal_Port.c...
compiling Mcal_PWM.c...
compiling Mcal_PWMConfig.c...
compiling Mcal_ADC.c...
compiling Mcal_ADCConfig.c...
compiling Mcal_Uart.c...
compiling Mcal_IWDG.c...
compiling Mcal_UartConfig.c...
compiling Mcal_SPI.c...
compiling Mcal_SPIConfig.c...
compiling DS_LogMConfig.c...
compiling DS_LogM.c...
compiling DS_Console.c...
compiling SS_SystemM.c...
compiling DS_ConsoleConfig.c...
compiling SS_Tm.c...
compiling SS_SnapshotConfig.c...
compiling SS_WdgM.c...
compiling aesni.c...
compiling SS_Ucm.c...
compiling SS_Snapshot.c...
compiling SS_WdgMConfig.c...
compiling arc4.c...
compiling aria.c...
compiling asn1write.c...
compiling aes.c...
compiling asn1parse.c...
compiling camellia.c...
compiling blowfish.c...
compiling ccm.c...
compiling certs.c...
compiling chacha20.c...
compiling base64.c...
compiling chachapoly.c...
compiling cipher.c...
compiling cipher_wrap.c...
compiling cmac.c...
compiling debug.c...
compiling des.c...
compiling dhm.c...
compiling ecdh.c...
compiling ctr_drbg.c...
compiling constant_time.c...
compiling ecdsa.c...
compiling ecjpake.c...
compiling ecp_curves.c...
compiling ecp.c...
compiling entropy_poll.c...
compiling bignum.c...
compiling gcm.c...
compiling entropy.c...
compiling error.c...
compiling havege.c...
compiling hkdf.c...
compiling hmac_drbg.c...
compiling md2.c...
compiling md4.c...
compiling md5.c...
compiling memory_buffer_alloc.c...
compiling mps_reader.c...
compiling mps_trace.c...
compiling net_sockets.c...
compiling md.c...
compiling nist_kw.c...
compiling padlock.c...
compiling oid.c...
compiling pem.c...
compiling pkcs5.c...
compiling pkcs11.c...
compiling pk_wrap.c...
compiling pk.c...
compiling pkcs12.c...
compiling pkwrite.c...
compiling pkparse.c...
compiling platform.c...
compiling platform_util.c...
compiling psa_crypto.c...
compiling poly1305.c...
compiling psa_crypto_aead.c...
compiling psa_crypto_cipher.c...
compiling psa_crypto_ecp.c...
compiling psa_crypto_client.c...
compiling psa_crypto_driver_wrappers.c...
compiling psa_crypto_hash.c...
compiling psa_crypto_mac.c...
compiling psa_crypto_se.c...
compiling psa_crypto_rsa.c...
compiling psa_crypto_slot_management.c...
compiling psa_crypto_storage.c...
compiling ripemd160.c...
compiling psa_its_file.c...
compiling rsa_internal.c...
compiling sha512.c...
compiling ssl_ciphersuites.c...
compiling ssl_cache.c...
compiling ssl_cli.c...
compiling ssl_cookie.c...
compiling ssl_msg.c...
compiling rsa.c...
compiling sha1.c...
compiling ssl_srv.c...
compiling sha256.c...
compiling ssl_tls13_keys.c...
compiling ssl_tls.c...
compiling ssl_ticket.c...
compiling threading.c...
compiling version.c...
compiling timing.c...
compiling version_features.c...
compiling x509.c...
compiling x509_crl.c...
compiling x509_create.c...
compiling x509write_crt.c...
compiling x509_crt.c...
compiling x509_csr.c...
compiling xtea.c...
compiling x509write_csr.c...
compiling fdb_file.c...
compiling fdb.c...
compiling fdb_utils.c...
compiling fal_rtt.c...
compiling fal_flash.c...
compiling fal.c...
compiling fdb_tsdb.c...
compiling fal_partition.c...
compiling shell_cmd_list.c...
compiling shell_ext.c...
compiling fdb_kvdb.c...
compiling shell_port.c...
compiling shell.c...
compiling gd32e50x_bkp.c...
compiling gd32e50x_adc.c...
compiling gd32e50x_cmp.c...
compiling cm_backtrace.c...
assembling cmb_fault.S...
compiling gd32e50x_crc.c...
compiling gd32e50x_can.c...
compiling gd32e50x_ctc.c...
compiling gd32e50x_dac.c...
compiling gd32e50x_dbg.c...
compiling cJSON.c...
compiling gd32e50x_enet.c...
compiling gd32e50x_dma.c...
compiling gd32e50x_exti.c...
compiling gd32e50x_exmc.c...
compiling gd32e50x_fwdgt.c...
compiling gd32e50x_fmc.c...
compiling gd32e50x_gpio.c...
compiling gd32e50x_misc.c...
compiling gd32e50x_pmu.c...
compiling gd32e50x_rtc.c...
compiling gd32e50x_i2c.c...
compiling gd32e50x_sdio.c...
compiling gd32e50x_rcu.c...
compiling gd32e50x_spi.c...
compiling gd32e50x_sqpi.c...
compiling gd32e50x_tmu.c...
compiling gd32e50x_shrtimer.c...
compiling gd32e50x_wwdgt.c...
compiling gd32e50x_timer.c...
compiling Filter.c...
compiling md5.c...
compiling gd32e50x_usart.c...
compiling CycleBuf.c...
compiling Common.c...
compiling myMalloc.c...
compiling FrameQueue.c...
compiling system_gd32e50x.c...
compiling main.c...
assembling startup_gd32e50x_hd.s...
compiling utils.c...
compiling portasm.c...
compiling portTask.c...
compiling port.c...
compiling mpu_wrappers.c...
compiling heap_4.c...
compiling list.c...
compiling timers.c...
compiling stream_buffer.c...
compiling croutine.c...
compiling event_groups.c...
compiling queue.c...
compiling freertos.c...
compiling tasks.c...
compiling cmsis_os2.c...
linking...
Program Size: Code=330112 RO-data=59076 RW-data=5236 ZI-data=115340  
FromELF: creating hex file...
After Build - User command #1: fromelf.exe --bin -o ./gd32e503/bin/D3_A32FB_GD32E503.bin ./gd32e503/build/D3_A32FB_GD32E503.axf
".\GD32E503\build\D3_A32FB_GD32E503.axf" - 0 Error(s), 0 Warning(s).

<h2>Software Packages used:</h2>

Package Vendor: ARM
                http://www.keil.com/pack/ARM.CMSIS.5.7.0.pack
                ARM.CMSIS.5.7.0
                CMSIS (Cortex Microcontroller Software Interface Standard)
   * Component: CORE Version: 5.4.0

Package Vendor: GigaDevice
                https://gd32mcu.com/data/documents/pack/GigaDevice.GD32E50x_DFP.1.5.0.pack
                GigaDevice.GD32E50x_DFP.1.5.0
                GigaDevice GD32E50x Series Device Support and Examples

<h2>Collection of Component include folders:</h2>
  .\RTE\_D3_A32FB_GD32E503RE
  C:\Keil_v5\Arm\Packs\ARM\CMSIS\5.7.0\CMSIS\Core\Include
  C:\Keil_v5\Arm\Packs\GigaDevice\GD32E50x_DFP\1.5.0\Device\Include

<h2>Collection of Component Files used:</h2>

   * Component: ARM::CMSIS:CORE:5.4.0
Build Time Elapsed:  00:00:21
</pre>
</body>
</html>
