2026-09-02T04:08:57.079141Z  INFO bore_cli::client: connected to server remote_port=58405
2026-09-02T04:08:57.083336Z  INFO bore_cli::client: listening at bore.pub:58405
2026-09-02T04:09:12.987615Z  INFO proxy{id=f00c7858-7e7a-451c-9f90-d8f16a1441ee}: bore_cli::client: new connection
2026-09-02T04:09:45.495748Z  INFO proxy{id=f00c7858-7e7a-451c-9f90-d8f16a1441ee}: bore_cli::client: connection exited
2026-09-02T04:09:50.912241Z  INFO proxy{id=efaedf35-3699-4f68-858d-83717730596a}: bore_cli::client: new connection
2026-09-02T04:10:22.212313Z  INFO proxy{id=efaedf35-3699-4f68-858d-83717730596a}: bore_cli::client: connection exited
2026-09-02T04:10:27.977427Z  INFO proxy{id=07560fc0-2a4d-4f4e-82a1-38e49af87733}: bore_cli::client: new connection
2026-09-02T04:10:59.507815Z  INFO proxy{id=07560fc0-2a4d-4f4e-82a1-38e49af87733}: bore_cli::client: connection exited
2026-09-02T04:11:04.999918Z  INFO proxy{id=e6148c44-75ed-4e7b-82c0-9d8d4bedc553}: bore_cli::client: new connection
2026-09-02T04:11:36.649565Z  INFO proxy{id=e6148c44-75ed-4e7b-82c0-9d8d4bedc553}: bore_cli::client: connection exited
2026-09-02T04:11:42.338365Z  INFO proxy{id=3c35d856-827f-4d47-8ade-ed0cca5f74b0}: bore_cli::client: new connection
2026-09-02T04:12:13.910922Z  INFO proxy{id=3c35d856-827f-4d47-8ade-ed0cca5f74b0}: bore_cli::client: connection exited
2026-09-02T04:12:19.480970Z  INFO proxy{id=d693f32c-5906-476f-8f00-f4a9f1e4c120}: bore_cli::client: new connection
2026-09-02T04:12:50.814750Z  INFO proxy{id=d693f32c-5906-476f-8f00-f4a9f1e4c120}: bore_cli::client: connection exited
2026-09-02T04:12:56.600363Z  INFO proxy{id=0a40f7cd-df7f-475a-bce6-d1965f82a859}: bore_cli::client: new connection
2026-09-02T04:13:28.085534Z  INFO proxy{id=0a40f7cd-df7f-475a-bce6-d1965f82a859}: bore_cli::client: connection exited
2026-09-02T04:13:33.763468Z  INFO proxy{id=10c0230d-3e3f-4af4-ae89-f832fd1faaf3}: bore_cli::client: new connection
2026-09-02T04:14:05.088455Z  INFO proxy{id=10c0230d-3e3f-4af4-ae89-f832fd1faaf3}: bore_cli::client: connection exited
2026-09-02T04:14:10.458491Z  INFO proxy{id=a1dd163b-e16e-4b9b-84c2-c6586a3c400f}: bore_cli::client: new connection
2026-09-02T04:14:41.844509Z  INFO proxy{id=a1dd163b-e16e-4b9b-84c2-c6586a3c400f}: bore_cli::client: connection exited
2026-09-02T04:14:47.396870Z  INFO proxy{id=a0d92066-90d1-4fb7-8c88-a2cab3457931}: bore_cli::client: new connection
2026-09-02T04:15:20.020080Z  INFO proxy{id=a0d92066-90d1-4fb7-8c88-a2cab3457931}: bore_cli::client: connection exited
2026-09-02T04:15:24.666724Z  INFO proxy{id=c60888bf-fe1a-4c0e-82b0-8efa4080f7c3}: bore_cli::client: new connection
2026-09-02T04:15:56.164017Z  INFO proxy{id=c60888bf-fe1a-4c0e-82b0-8efa4080f7c3}: bore_cli::client: connection exited
2026-09-02T04:16:01.593001Z  INFO proxy{id=b8ddd1b8-31c2-4a8d-8078-66f398b309fa}: bore_cli::client: new connection
2026-09-02T04:16:33.055357Z  INFO proxy{id=b8ddd1b8-31c2-4a8d-8078-66f398b309fa}: bore_cli::client: connection exited
2026-09-02T04:16:38.528372Z  INFO proxy{id=d9bb790a-2f73-4916-b989-5483c713e39c}: bore_cli::client: new connection
2026-09-02T04:17:09.891032Z  INFO proxy{id=d9bb790a-2f73-4916-b989-5483c713e39c}: bore_cli::client: connection exited
2026-09-02T04:17:15.408489Z  INFO proxy{id=5504dcaf-672f-45d8-a465-99fd8cca7e14}: bore_cli::client: new connection
2026-09-02T04:17:46.728912Z  INFO proxy{id=5504dcaf-672f-45d8-a465-99fd8cca7e14}: bore_cli::client: connection exited
2026-09-02T04:17:52.320073Z  INFO proxy{id=2988bc62-7acd-4d9a-ab74-91bb59e35f40}: bore_cli::client: new connection
2026-09-02T04:18:23.821397Z  INFO proxy{id=2988bc62-7acd-4d9a-ab74-91bb59e35f40}: bore_cli::client: connection exited
2026-09-02T04:18:29.583104Z  INFO proxy{id=0768cce7-3d14-4acb-aadb-0a5b2f6b7e40}: bore_cli::client: new connection
2026-09-02T04:19:01.257142Z  INFO proxy{id=0768cce7-3d14-4acb-aadb-0a5b2f6b7e40}: bore_cli::client: connection exited
2026-09-02T04:19:06.704084Z  INFO proxy{id=7d592bca-db85-40d3-9efb-2095a4b57b9e}: bore_cli::client: new connection
2026-09-02T04:19:38.417425Z  INFO proxy{id=7d592bca-db85-40d3-9efb-2095a4b57b9e}: bore_cli::client: connection exited
2026-09-02T04:19:43.534535Z  INFO proxy{id=4a51aaeb-c759-472e-ba33-4a642e49c3ab}: bore_cli::client: new connection
2026-09-02T04:20:14.795209Z  INFO proxy{id=4a51aaeb-c759-472e-ba33-4a642e49c3ab}: bore_cli::client: connection exited
2026-09-02T04:20:21.185039Z  INFO proxy{id=eab9a811-a230-4730-886f-8be3dfdfdcb5}: bore_cli::client: new connection
2026-09-02T04:20:52.715151Z  INFO proxy{id=eab9a811-a230-4730-886f-8be3dfdfdcb5}: bore_cli::client: connection exited
2026-09-02T04:20:58.300878Z  INFO proxy{id=746033e2-1597-4ed5-80f3-15fcaf981165}: bore_cli::client: new connection
2026-09-02T04:21:29.895231Z  INFO proxy{id=746033e2-1597-4ed5-80f3-15fcaf981165}: bore_cli::client: connection exited
2026-09-02T04:21:35.475035Z  INFO proxy{id=69a860cb-0b87-472d-8338-dbb903b8e3c3}: bore_cli::client: new connection
2026-09-02T04:22:06.836941Z  INFO proxy{id=69a860cb-0b87-472d-8338-dbb903b8e3c3}: bore_cli::client: connection exited
2026-09-02T04:22:12.323140Z  INFO proxy{id=98ee0400-41a8-40f7-9861-358772ab650b}: bore_cli::client: new connection
2026-09-02T04:22:43.644282Z  INFO proxy{id=98ee0400-41a8-40f7-9861-358772ab650b}: bore_cli::client: connection exited
2026-09-02T04:22:49.374705Z  INFO proxy{id=7f92ff37-4925-49c6-a974-0ba2ffb060b3}: bore_cli::client: new connection
2026-09-02T04:23:20.789557Z  INFO proxy{id=7f92ff37-4925-49c6-a974-0ba2ffb060b3}: bore_cli::client: connection exited
2026-09-02T04:23:26.248848Z  INFO proxy{id=196a5fd4-5377-4879-a5ce-5c860b9aeb1a}: bore_cli::client: new connection
2026-09-02T04:23:57.723906Z  INFO proxy{id=196a5fd4-5377-4879-a5ce-5c860b9aeb1a}: bore_cli::client: connection exited
2026-09-02T04:24:03.212686Z  INFO proxy{id=550f85b6-c73c-403b-814e-63b491803d70}: bore_cli::client: new connection
2026-09-02T04:24:34.676833Z  INFO proxy{id=550f85b6-c73c-403b-814e-63b491803d70}: bore_cli::client: connection exited
2026-09-02T04:24:40.947471Z  INFO proxy{id=b7a2df94-56bf-4d6b-99c2-805afd102f1e}: bore_cli::client: new connection
2026-09-02T04:25:12.510452Z  INFO proxy{id=b7a2df94-56bf-4d6b-99c2-805afd102f1e}: bore_cli::client: connection exited
2026-09-02T04:25:18.080234Z  INFO proxy{id=de457b34-78d3-470f-bf78-63235e2712e4}: bore_cli::client: new connection
2026-09-02T04:25:50.403269Z  INFO proxy{id=de457b34-78d3-470f-bf78-63235e2712e4}: bore_cli::client: connection exited
2026-09-02T04:25:56.117095Z  INFO proxy{id=26062d7f-d8e3-4022-b6ea-5e384dcf0a93}: bore_cli::client: new connection
2026-09-02T04:26:27.703017Z  INFO proxy{id=26062d7f-d8e3-4022-b6ea-5e384dcf0a93}: bore_cli::client: connection exited
2026-09-02T04:26:33.264555Z  INFO proxy{id=4a8e5417-c83e-4428-8c85-b73556a9600a}: bore_cli::client: new connection
2026-09-02T04:27:04.694352Z  INFO proxy{id=4a8e5417-c83e-4428-8c85-b73556a9600a}: bore_cli::client: connection exited
2026-09-02T04:27:11.291936Z  INFO proxy{id=94b772ea-8921-45f6-8404-1c7034b4a446}: bore_cli::client: new connection
2026-09-02T04:27:42.693394Z  INFO proxy{id=94b772ea-8921-45f6-8404-1c7034b4a446}: bore_cli::client: connection exited
2026-09-02T04:27:48.844996Z  INFO proxy{id=691de5d3-dfdd-4f25-8343-8703a4d0af1e}: bore_cli::client: new connection
2026-09-02T04:28:20.337182Z  INFO proxy{id=691de5d3-dfdd-4f25-8343-8703a4d0af1e}: bore_cli::client: connection exited
2026-09-02T04:28:25.789311Z  INFO proxy{id=509c1a07-a3d0-486a-a227-29d85cb23a34}: bore_cli::client: new connection
2026-09-02T04:28:57.440073Z  INFO proxy{id=509c1a07-a3d0-486a-a227-29d85cb23a34}: bore_cli::client: connection exited
2026-09-02T04:29:03.181158Z  INFO proxy{id=8de257b4-5112-453f-b899-cc25995a7033}: bore_cli::client: new connection
2026-09-02T04:29:35.090946Z  INFO proxy{id=8de257b4-5112-453f-b899-cc25995a7033}: bore_cli::client: connection exited
2026-09-02T04:29:41.528355Z  INFO proxy{id=463a56f8-dc4e-4e97-bb79-e5d3b877a8b0}: bore_cli::client: new connection
2026-09-02T04:30:12.926433Z  INFO proxy{id=463a56f8-dc4e-4e97-bb79-e5d3b877a8b0}: bore_cli::client: connection exited
2026-09-02T04:30:18.467258Z  INFO proxy{id=b9c3df80-6634-4f0b-98d6-57c3a9bb46e9}: bore_cli::client: new connection
2026-09-02T04:30:49.898654Z  INFO proxy{id=b9c3df80-6634-4f0b-98d6-57c3a9bb46e9}: bore_cli::client: connection exited
2026-09-02T04:30:56.193571Z  INFO proxy{id=f1f483e1-fb23-4ff5-b221-af7a5c994658}: bore_cli::client: new connection
2026-09-02T04:31:27.940721Z  INFO proxy{id=f1f483e1-fb23-4ff5-b221-af7a5c994658}: bore_cli::client: connection exited
2026-09-02T04:31:33.804864Z  INFO proxy{id=97cbf568-5f25-4d02-8d74-e37fbede133b}: bore_cli::client: new connection
2026-09-02T04:32:05.906266Z  INFO proxy{id=97cbf568-5f25-4d02-8d74-e37fbede133b}: bore_cli::client: connection exited
2026-09-02T04:32:11.542915Z  INFO proxy{id=ce7007a4-215e-4652-a8dc-e66333e91fae}: bore_cli::client: new connection
2026-09-02T04:32:42.906002Z  INFO proxy{id=ce7007a4-215e-4652-a8dc-e66333e91fae}: bore_cli::client: connection exited
2026-09-02T04:32:48.311307Z  INFO proxy{id=3cb23f88-bd2f-4569-a62e-66b8de484f6a}: bore_cli::client: new connection
2026-09-02T04:33:19.642608Z  INFO proxy{id=3cb23f88-bd2f-4569-a62e-66b8de484f6a}: bore_cli::client: connection exited
2026-09-02T04:33:43.280231Z  INFO proxy{id=2da879e8-eb4b-4983-8a23-6275b30be342}: bore_cli::client: new connection
2026-09-02T04:34:14.697450Z  INFO proxy{id=2da879e8-eb4b-4983-8a23-6275b30be342}: bore_cli::client: connection exited
2026-09-02T04:34:20.469101Z  INFO proxy{id=9effec69-63d2-4892-838a-a1d1bc50aa28}: bore_cli::client: new connection
2026-09-02T04:34:51.975755Z  INFO proxy{id=9effec69-63d2-4892-838a-a1d1bc50aa28}: bore_cli::client: connection exited
2026-09-02T04:34:58.099847Z  INFO proxy{id=e374346b-f96b-45e1-ac7e-a956da317d00}: bore_cli::client: new connection
2026-09-02T04:35:29.483400Z  INFO proxy{id=e374346b-f96b-45e1-ac7e-a956da317d00}: bore_cli::client: connection exited
2026-09-02T04:35:52.904734Z  INFO proxy{id=58b72acd-488a-4a61-8349-15426e3897c8}: bore_cli::client: new connection
2026-09-02T04:36:25.228130Z  INFO proxy{id=58b72acd-488a-4a61-8349-15426e3897c8}: bore_cli::client: connection exited
2026-09-02T04:36:30.205753Z  INFO proxy{id=619c3a99-41e3-464a-9f7f-1ddc6ba2ad32}: bore_cli::client: new connection
2026-09-02T04:37:01.728155Z  INFO proxy{id=619c3a99-41e3-464a-9f7f-1ddc6ba2ad32}: bore_cli::client: connection exited
2026-09-02T04:37:07.861250Z  INFO proxy{id=e70b0877-c98a-4c9c-a21f-6f43186a5dc2}: bore_cli::client: new connection
2026-09-02T04:37:40.281705Z  INFO proxy{id=e70b0877-c98a-4c9c-a21f-6f43186a5dc2}: bore_cli::client: connection exited
2026-09-02T04:37:45.434876Z  INFO proxy{id=90b485a0-9c18-454a-b4b8-10c62e10c76c}: bore_cli::client: new connection
2026-09-02T04:38:16.777391Z  INFO proxy{id=90b485a0-9c18-454a-b4b8-10c62e10c76c}: bore_cli::client: connection exited
2026-09-02T04:38:22.560257Z  INFO proxy{id=f0bc4d81-2f6f-413b-8a44-0a39dd683d6c}: bore_cli::client: new connection
2026-09-02T04:38:54.627569Z  INFO proxy{id=f0bc4d81-2f6f-413b-8a44-0a39dd683d6c}: bore_cli::client: connection exited
2026-09-02T04:39:00.756627Z  INFO proxy{id=caa918fe-530d-47eb-8492-04c77e90d8e7}: bore_cli::client: new connection
2026-09-02T04:39:32.513884Z  INFO proxy{id=caa918fe-530d-47eb-8492-04c77e90d8e7}: bore_cli::client: connection exited
2026-09-02T04:39:37.702874Z  INFO proxy{id=9883306c-f776-49a7-819f-dc39f6c067c8}: bore_cli::client: new connection
2026-09-02T04:40:09.416456Z  INFO proxy{id=9883306c-f776-49a7-819f-dc39f6c067c8}: bore_cli::client: connection exited
2026-09-02T04:40:14.957487Z  INFO proxy{id=27800904-0a0a-4fd6-bea0-0761472fc416}: bore_cli::client: new connection
2026-09-02T04:40:47.346112Z  INFO proxy{id=27800904-0a0a-4fd6-bea0-0761472fc416}: bore_cli::client: connection exited
2026-09-02T04:40:52.822883Z  INFO proxy{id=4f172bfd-116e-4cfd-ba88-6d5e4e84cf5e}: bore_cli::client: new connection
2026-09-02T04:41:24.143213Z  INFO proxy{id=4f172bfd-116e-4cfd-ba88-6d5e4e84cf5e}: bore_cli::client: connection exited
2026-09-02T04:41:29.714811Z  INFO proxy{id=856e7f0e-64fd-48a6-bea9-bfe504f583dc}: bore_cli::client: new connection
2026-09-02T04:42:01.089832Z  INFO proxy{id=856e7f0e-64fd-48a6-bea9-bfe504f583dc}: bore_cli::client: connection exited
2026-09-02T04:42:06.591659Z  INFO proxy{id=d298af22-2f26-4848-a3ec-e71d9a22b57b}: bore_cli::client: new connection
2026-09-02T04:42:38.062155Z  INFO proxy{id=d298af22-2f26-4848-a3ec-e71d9a22b57b}: bore_cli::client: connection exited
2026-09-02T04:42:43.519028Z  INFO proxy{id=ca1d8dce-18d3-4bb0-b384-11aba43356fa}: bore_cli::client: new connection
2026-09-02T04:43:14.856499Z  INFO proxy{id=ca1d8dce-18d3-4bb0-b384-11aba43356fa}: bore_cli::client: connection exited
2026-09-02T04:43:20.457781Z  INFO proxy{id=35335a95-56e0-4c63-a0a7-f7a3a9ebf13e}: bore_cli::client: new connection
2026-09-02T04:43:51.831646Z  INFO proxy{id=35335a95-56e0-4c63-a0a7-f7a3a9ebf13e}: bore_cli::client: connection exited
2026-09-02T04:44:15.299231Z  INFO proxy{id=af4cd5ab-f154-49cc-8594-29029391a2f6}: bore_cli::client: new connection
2026-09-02T04:44:47.641922Z  INFO proxy{id=af4cd5ab-f154-49cc-8594-29029391a2f6}: bore_cli::client: connection exited
2026-09-02T04:44:53.150973Z  INFO proxy{id=e6c90b1d-7483-4003-8a46-7d162dfffbab}: bore_cli::client: new connection
2026-09-02T04:45:24.470048Z  INFO proxy{id=e6c90b1d-7483-4003-8a46-7d162dfffbab}: bore_cli::client: connection exited
2026-09-02T04:45:30.038906Z  INFO proxy{id=0098d1f3-5656-4dd6-9fcd-3b4e758af808}: bore_cli::client: new connection
2026-09-02T04:46:01.477568Z  INFO proxy{id=0098d1f3-5656-4dd6-9fcd-3b4e758af808}: bore_cli::client: connection exited
2026-09-02T04:46:06.908986Z  INFO proxy{id=21f7dfc9-8a8a-4f8a-9010-6db8194504e1}: bore_cli::client: new connection
2026-09-02T04:46:38.192600Z  INFO proxy{id=21f7dfc9-8a8a-4f8a-9010-6db8194504e1}: bore_cli::client: connection exited
2026-09-02T04:46:43.841157Z  INFO proxy{id=b988425a-c3c7-465d-a4e4-ce77589b5123}: bore_cli::client: new connection
2026-09-02T04:47:15.179472Z  INFO proxy{id=b988425a-c3c7-465d-a4e4-ce77589b5123}: bore_cli::client: connection exited
2026-09-02T04:47:21.451112Z  INFO proxy{id=45b67e6d-62ed-42f7-8ad9-e57bbb28f6a8}: bore_cli::client: new connection
2026-09-02T04:47:52.946598Z  INFO proxy{id=45b67e6d-62ed-42f7-8ad9-e57bbb28f6a8}: bore_cli::client: connection exited
2026-09-02T04:47:58.536139Z  INFO proxy{id=4a7d082e-d052-4ee8-957c-2256432701e1}: bore_cli::client: new connection
2026-09-02T04:48:29.936863Z  INFO proxy{id=4a7d082e-d052-4ee8-957c-2256432701e1}: bore_cli::client: connection exited
2026-09-02T04:48:35.372404Z  INFO proxy{id=dd16a5a8-3355-434d-9deb-33343ed581e5}: bore_cli::client: new connection
2026-09-02T04:49:06.693697Z  INFO proxy{id=dd16a5a8-3355-434d-9deb-33343ed581e5}: bore_cli::client: connection exited
2026-09-02T04:49:12.298576Z  INFO proxy{id=d29de936-8763-4abf-9eb3-d3feea6bab13}: bore_cli::client: new connection
2026-09-02T04:49:43.675935Z  INFO proxy{id=d29de936-8763-4abf-9eb3-d3feea6bab13}: bore_cli::client: connection exited
2026-09-02T04:49:49.120651Z  INFO proxy{id=03847dc4-5eb0-4949-abd3-e26be483bf39}: bore_cli::client: new connection
2026-09-02T04:50:20.464905Z  INFO proxy{id=03847dc4-5eb0-4949-abd3-e26be483bf39}: bore_cli::client: connection exited
2026-09-02T04:50:26.054075Z  INFO proxy{id=1c9b694f-a077-4b20-9395-0177ae2f5c9d}: bore_cli::client: new connection
2026-09-02T04:50:57.362442Z  INFO proxy{id=1c9b694f-a077-4b20-9395-0177ae2f5c9d}: bore_cli::client: connection exited
2026-09-02T04:51:02.852060Z  INFO proxy{id=98dd1736-7be0-44a0-a70c-91b772df0d04}: bore_cli::client: new connection
2026-09-02T04:51:34.952925Z  INFO proxy{id=98dd1736-7be0-44a0-a70c-91b772df0d04}: bore_cli::client: connection exited
2026-09-02T04:51:39.713941Z  INFO proxy{id=e57e0d4b-95f0-4e66-828e-5b9f289417a1}: bore_cli::client: new connection
2026-09-02T04:52:11.024569Z  INFO proxy{id=e57e0d4b-95f0-4e66-828e-5b9f289417a1}: bore_cli::client: connection exited
2026-09-02T04:52:16.610203Z  INFO proxy{id=cbffa796-a59e-4459-8918-3b3522d5bb8b}: bore_cli::client: new connection
2026-09-02T04:52:47.987220Z  INFO proxy{id=cbffa796-a59e-4459-8918-3b3522d5bb8b}: bore_cli::client: connection exited
2026-09-02T04:52:53.451321Z  INFO proxy{id=f888b26a-e548-4836-bbd1-0de74a88e0bf}: bore_cli::client: new connection
2026-09-02T04:53:24.780521Z  INFO proxy{id=f888b26a-e548-4836-bbd1-0de74a88e0bf}: bore_cli::client: connection exited
2026-09-02T04:53:30.374400Z  INFO proxy{id=abfe41be-bacc-4a38-b715-8c5df5d4bd47}: bore_cli::client: new connection
2026-09-02T04:54:01.803814Z  INFO proxy{id=abfe41be-bacc-4a38-b715-8c5df5d4bd47}: bore_cli::client: connection exited
2026-09-02T04:54:07.210565Z  INFO proxy{id=e0b0ba34-d6f3-4ccc-9720-8ad8ecb12999}: bore_cli::client: new connection
2026-09-02T04:54:38.542233Z  INFO proxy{id=e0b0ba34-d6f3-4ccc-9720-8ad8ecb12999}: bore_cli::client: connection exited
2026-09-02T04:54:44.128287Z  INFO proxy{id=6738a9f6-18cd-4392-8964-0acf8cac3403}: bore_cli::client: new connection
2026-09-02T04:55:15.494312Z  INFO proxy{id=6738a9f6-18cd-4392-8964-0acf8cac3403}: bore_cli::client: connection exited
2026-09-02T04:55:21.408280Z  INFO proxy{id=117c3fb7-c1ad-4630-af5b-bf47b5c463da}: bore_cli::client: new connection
2026-09-02T04:55:52.765895Z  INFO proxy{id=117c3fb7-c1ad-4630-af5b-bf47b5c463da}: bore_cli::client: connection exited
2026-09-02T04:55:58.399888Z  INFO proxy{id=ba008909-c86d-4843-8498-bd3e5c8f6638}: bore_cli::client: new connection
2026-09-02T04:56:29.714731Z  INFO proxy{id=ba008909-c86d-4843-8498-bd3e5c8f6638}: bore_cli::client: connection exited
2026-09-02T04:56:35.219269Z  INFO proxy{id=72812342-eb7b-49ee-9027-874b06bf7523}: bore_cli::client: new connection
2026-09-02T04:57:06.602760Z  INFO proxy{id=72812342-eb7b-49ee-9027-874b06bf7523}: bore_cli::client: connection exited
2026-09-02T04:57:12.154598Z  INFO proxy{id=0b2e3f57-5de3-483e-87f2-c4347ae54a19}: bore_cli::client: new connection
2026-09-02T04:57:43.491932Z  INFO proxy{id=0b2e3f57-5de3-483e-87f2-c4347ae54a19}: bore_cli::client: connection exited
2026-09-02T04:57:49.213236Z  INFO proxy{id=330092e5-d147-4536-a09c-27a86201cae4}: bore_cli::client: new connection
2026-09-02T04:58:20.604568Z  INFO proxy{id=330092e5-d147-4536-a09c-27a86201cae4}: bore_cli::client: connection exited
2026-09-02T04:58:26.143203Z  INFO proxy{id=35d77759-7fb6-4692-917e-f2fef7366f45}: bore_cli::client: new connection
2026-09-02T04:58:57.584910Z  INFO proxy{id=35d77759-7fb6-4692-917e-f2fef7366f45}: bore_cli::client: connection exited
2026-09-02T04:59:03.052389Z  INFO proxy{id=446268a2-9c50-4836-9d40-d241c0fe7ea9}: bore_cli::client: new connection
2026-09-02T04:59:34.364763Z  INFO proxy{id=446268a2-9c50-4836-9d40-d241c0fe7ea9}: bore_cli::client: connection exited
2026-09-02T04:59:39.987868Z  INFO proxy{id=604f184c-5532-4561-b4ad-e3a26cfbc77f}: bore_cli::client: new connection
2026-09-02T05:00:11.337808Z  INFO proxy{id=604f184c-5532-4561-b4ad-e3a26cfbc77f}: bore_cli::client: connection exited
2026-09-02T05:00:16.844892Z  INFO proxy{id=2191e6ba-61d4-4261-b73f-a5ac0c914af3}: bore_cli::client: new connection
2026-09-02T05:00:48.152979Z  INFO proxy{id=2191e6ba-61d4-4261-b73f-a5ac0c914af3}: bore_cli::client: connection exited
2026-09-02T05:00:54.528639Z  INFO proxy{id=0f13cf02-5675-4a35-98cc-510733a7e56e}: bore_cli::client: new connection
2026-09-02T05:01:25.907585Z  INFO proxy{id=0f13cf02-5675-4a35-98cc-510733a7e56e}: bore_cli::client: connection exited
2026-09-02T05:01:31.560921Z  INFO proxy{id=edf4740e-519b-4aa0-8af1-26a93bccb087}: bore_cli::client: new connection
2026-09-02T05:02:03.804332Z  INFO proxy{id=edf4740e-519b-4aa0-8af1-26a93bccb087}: bore_cli::client: connection exited
2026-09-02T05:02:08.773300Z  INFO proxy{id=5156c97c-5f55-40c6-a63b-afbf16c0671f}: bore_cli::client: new connection
2026-09-02T05:02:40.136144Z  INFO proxy{id=5156c97c-5f55-40c6-a63b-afbf16c0671f}: bore_cli::client: connection exited
2026-09-02T05:02:45.938206Z  INFO proxy{id=b31b8afc-f149-47b0-ac76-feb6831f98a6}: bore_cli::client: new connection
2026-09-02T05:03:17.279480Z  INFO proxy{id=b31b8afc-f149-47b0-ac76-feb6831f98a6}: bore_cli::client: connection exited
2026-09-02T05:03:23.833622Z  INFO proxy{id=2475f8e4-5909-4e89-8f88-2190fc94b139}: bore_cli::client: new connection
2026-09-02T05:03:55.169377Z  INFO proxy{id=2475f8e4-5909-4e89-8f88-2190fc94b139}: bore_cli::client: connection exited
2026-09-02T05:04:00.667281Z  INFO proxy{id=467dd831-d75e-4707-b140-5333eb34cfdf}: bore_cli::client: new connection
2026-09-02T05:04:32.006425Z  INFO proxy{id=467dd831-d75e-4707-b140-5333eb34cfdf}: bore_cli::client: connection exited
2026-09-02T05:04:37.582632Z  INFO proxy{id=a81bd39c-3bb8-463b-8d81-0c70765f9ac2}: bore_cli::client: new connection
2026-09-02T05:05:08.919909Z  INFO proxy{id=a81bd39c-3bb8-463b-8d81-0c70765f9ac2}: bore_cli::client: connection exited
2026-09-02T05:05:14.414113Z  INFO proxy{id=eb13e7bc-0f2d-4fbf-9ea7-12291b50a80d}: bore_cli::client: new connection
2026-09-02T05:05:45.749607Z  INFO proxy{id=eb13e7bc-0f2d-4fbf-9ea7-12291b50a80d}: bore_cli::client: connection exited
2026-09-02T05:05:51.305422Z  INFO proxy{id=24a8c45e-89fa-4405-acf0-9c4eb47b71ea}: bore_cli::client: new connection
2026-09-02T05:06:22.688357Z  INFO proxy{id=24a8c45e-89fa-4405-acf0-9c4eb47b71ea}: bore_cli::client: connection exited
2026-09-02T05:06:28.187509Z  INFO proxy{id=ef022c83-a181-459d-9245-9260cd639ff6}: bore_cli::client: new connection
2026-09-02T05:06:59.657788Z  INFO proxy{id=ef022c83-a181-459d-9245-9260cd639ff6}: bore_cli::client: connection exited
2026-09-02T05:07:05.151197Z  INFO proxy{id=e59c7948-8412-468f-89e5-042b0cac1bdd}: bore_cli::client: new connection
2026-09-02T05:07:36.467592Z  INFO proxy{id=e59c7948-8412-468f-89e5-042b0cac1bdd}: bore_cli::client: connection exited
2026-09-02T05:07:42.052946Z  INFO proxy{id=6607102d-d342-4574-b5f2-6760d06000da}: bore_cli::client: new connection
2026-09-02T05:08:13.447125Z  INFO proxy{id=6607102d-d342-4574-b5f2-6760d06000da}: bore_cli::client: connection exited
2026-09-02T05:08:18.895290Z  INFO proxy{id=89c2e813-fef2-417c-8732-6afbe2951bfe}: bore_cli::client: new connection
2026-09-02T05:08:50.229810Z  INFO proxy{id=89c2e813-fef2-417c-8732-6afbe2951bfe}: bore_cli::client: connection exited
2026-09-02T05:08:55.813591Z  INFO proxy{id=d4d34d18-d0dc-4546-9505-e8070376a15f}: bore_cli::client: new connection
2026-09-02T05:09:27.185513Z  INFO proxy{id=d4d34d18-d0dc-4546-9505-e8070376a15f}: bore_cli::client: connection exited
2026-09-02T05:09:32.672282Z  INFO proxy{id=28ebf3d1-4bfe-4944-8f8c-292607e51ec4}: bore_cli::client: new connection
2026-09-02T05:10:05.031314Z  INFO proxy{id=28ebf3d1-4bfe-4944-8f8c-292607e51ec4}: bore_cli::client: connection exited
2026-09-02T05:10:10.574928Z  INFO proxy{id=a323f0a2-a5a3-4b7f-a799-870471a2d283}: bore_cli::client: new connection
2026-09-02T05:10:41.994863Z  INFO proxy{id=a323f0a2-a5a3-4b7f-a799-870471a2d283}: bore_cli::client: connection exited
2026-09-02T05:10:47.650595Z  INFO proxy{id=6029e952-d069-472a-96a0-6945ac8e55d7}: bore_cli::client: new connection
2026-09-02T05:11:19.014943Z  INFO proxy{id=6029e952-d069-472a-96a0-6945ac8e55d7}: bore_cli::client: connection exited
2026-09-02T05:11:24.494728Z  INFO proxy{id=d710f74e-2dd3-465e-bedd-f1d89a460778}: bore_cli::client: new connection
2026-09-02T05:11:55.857582Z  INFO proxy{id=d710f74e-2dd3-465e-bedd-f1d89a460778}: bore_cli::client: connection exited
2026-09-02T05:12:01.419203Z  INFO proxy{id=5add938a-395a-41d5-9098-ecf654612587}: bore_cli::client: new connection
2026-09-02T05:12:32.790757Z  INFO proxy{id=5add938a-395a-41d5-9098-ecf654612587}: bore_cli::client: connection exited
2026-09-02T05:12:38.686894Z  INFO proxy{id=af74aa41-da6f-4966-914c-b87edad67b79}: bore_cli::client: new connection
2026-09-02T05:13:10.075336Z  INFO proxy{id=af74aa41-da6f-4966-914c-b87edad67b79}: bore_cli::client: connection exited
2026-09-02T05:13:15.677162Z  INFO proxy{id=532831a2-b9f1-4929-a127-253f8387be70}: bore_cli::client: new connection
2026-09-02T05:13:47.018557Z  INFO proxy{id=532831a2-b9f1-4929-a127-253f8387be70}: bore_cli::client: connection exited
2026-09-02T05:13:52.493569Z  INFO proxy{id=487dc800-e555-4e29-a983-d4928bdee974}: bore_cli::client: new connection
2026-09-02T05:14:23.801351Z  INFO proxy{id=487dc800-e555-4e29-a983-d4928bdee974}: bore_cli::client: connection exited
2026-09-02T05:14:29.306495Z  INFO proxy{id=034b30cc-9b6d-4ab0-a809-93a4780bbddd}: bore_cli::client: new connection
2026-09-02T05:15:00.790839Z  INFO proxy{id=034b30cc-9b6d-4ab0-a809-93a4780bbddd}: bore_cli::client: connection exited
2026-09-02T05:15:06.271278Z  INFO proxy{id=b6de0241-a179-4623-ae83-b6e160291584}: bore_cli::client: new connection
2026-09-02T05:15:37.609376Z  INFO proxy{id=b6de0241-a179-4623-ae83-b6e160291584}: bore_cli::client: connection exited
2026-09-02T05:15:43.970543Z  INFO proxy{id=6fd77fad-6fef-41e9-9c59-4ba89c7638e2}: bore_cli::client: new connection
2026-09-02T05:16:15.319165Z  INFO proxy{id=6fd77fad-6fef-41e9-9c59-4ba89c7638e2}: bore_cli::client: connection exited
2026-09-02T05:16:20.980581Z  INFO proxy{id=46f69e02-f7bc-41f4-8f92-bae0d9f3a375}: bore_cli::client: new connection
2026-09-02T05:16:52.298080Z  INFO proxy{id=46f69e02-f7bc-41f4-8f92-bae0d9f3a375}: bore_cli::client: connection exited
2026-09-02T05:16:58.555975Z  INFO proxy{id=2e8aef97-1a1f-4e60-8fa3-63c753bc2558}: bore_cli::client: new connection
2026-09-02T05:17:29.938702Z  INFO proxy{id=2e8aef97-1a1f-4e60-8fa3-63c753bc2558}: bore_cli::client: connection exited
2026-09-02T05:17:35.674141Z  INFO proxy{id=4c17c4b9-a3b1-412e-a906-373c91b60a4c}: bore_cli::client: new connection
2026-09-02T05:18:07.082540Z  INFO proxy{id=4c17c4b9-a3b1-412e-a906-373c91b60a4c}: bore_cli::client: connection exited
2026-09-02T05:18:12.806385Z  INFO proxy{id=2d8a51a4-8eee-417a-8f1d-fe545521ed19}: bore_cli::client: new connection
2026-09-02T05:18:44.126893Z  INFO proxy{id=2d8a51a4-8eee-417a-8f1d-fe545521ed19}: bore_cli::client: connection exited
2026-09-02T05:18:49.883355Z  INFO proxy{id=c5953e1a-7215-402a-b940-0da6e74fee22}: bore_cli::client: new connection
2026-09-02T05:19:21.324454Z  INFO proxy{id=c5953e1a-7215-402a-b940-0da6e74fee22}: bore_cli::client: connection exited
2026-09-02T05:19:27.552507Z  INFO proxy{id=a9420359-d283-4552-8a45-3014856259dd}: bore_cli::client: new connection
2026-09-02T05:19:58.859621Z  INFO proxy{id=a9420359-d283-4552-8a45-3014856259dd}: bore_cli::client: connection exited
2026-09-02T05:20:04.671315Z  INFO proxy{id=69760fa2-d147-4642-adb3-f5786d08a76f}: bore_cli::client: new connection
2026-09-02T05:20:36.152233Z  INFO proxy{id=69760fa2-d147-4642-adb3-f5786d08a76f}: bore_cli::client: connection exited
2026-09-02T05:20:41.746702Z  INFO proxy{id=800e36d0-3f5c-421d-9331-91cd518b02c4}: bore_cli::client: new connection
2026-09-02T05:21:14.234783Z  INFO proxy{id=800e36d0-3f5c-421d-9331-91cd518b02c4}: bore_cli::client: connection exited
2026-09-02T05:21:19.599950Z  INFO proxy{id=f9d8bf3b-3e55-40ae-aa7a-113250c5831d}: bore_cli::client: new connection
2026-09-02T05:21:51.026158Z  INFO proxy{id=f9d8bf3b-3e55-40ae-aa7a-113250c5831d}: bore_cli::client: connection exited
2026-09-02T05:21:57.002379Z  INFO proxy{id=d3fb420b-420f-459e-b2ac-6683a21dec63}: bore_cli::client: new connection
2026-09-02T05:22:28.312743Z  INFO proxy{id=d3fb420b-420f-459e-b2ac-6683a21dec63}: bore_cli::client: connection exited
2026-09-02T05:22:33.805702Z  INFO proxy{id=c5b81b15-1679-4e93-abe4-49f608ed16ae}: bore_cli::client: new connection
2026-09-02T05:23:05.101276Z  INFO proxy{id=c5b81b15-1679-4e93-abe4-49f608ed16ae}: bore_cli::client: connection exited
2026-09-02T05:23:10.772770Z  INFO proxy{id=acc5d53e-d3b3-46ae-8450-97d2d5ef7b6e}: bore_cli::client: new connection
2026-09-02T05:23:42.077501Z  INFO proxy{id=acc5d53e-d3b3-46ae-8450-97d2d5ef7b6e}: bore_cli::client: connection exited
2026-09-02T05:23:47.562246Z  INFO proxy{id=7b30acea-c4a4-4e75-af11-3ea055e0d9c7}: bore_cli::client: new connection
2026-09-02T05:24:19.830815Z  INFO proxy{id=7b30acea-c4a4-4e75-af11-3ea055e0d9c7}: bore_cli::client: connection exited
2026-09-02T05:24:28.466604Z  INFO proxy{id=f945796b-294a-44ed-96da-a6c12d63525d}: bore_cli::client: new connection
2026-09-02T05:24:59.859235Z  INFO proxy{id=f945796b-294a-44ed-96da-a6c12d63525d}: bore_cli::client: connection exited
2026-09-02T05:25:05.311131Z  INFO proxy{id=8f415022-db92-4224-9262-8d40d9cc460c}: bore_cli::client: new connection
2026-09-02T05:25:36.634710Z  INFO proxy{id=8f415022-db92-4224-9262-8d40d9cc460c}: bore_cli::client: connection exited
2026-09-02T05:25:42.248648Z  INFO proxy{id=560623ac-fb38-45e4-8118-71f72ef2644b}: bore_cli::client: new connection
2026-09-02T05:26:13.645667Z  INFO proxy{id=560623ac-fb38-45e4-8118-71f72ef2644b}: bore_cli::client: connection exited
2026-09-02T05:26:19.333392Z  INFO proxy{id=18f06fc4-2c1d-4772-b651-c2a97fddaa82}: bore_cli::client: new connection
2026-09-02T05:26:51.681702Z  INFO proxy{id=18f06fc4-2c1d-4772-b651-c2a97fddaa82}: bore_cli::client: connection exited
2026-09-02T05:26:57.151675Z  INFO proxy{id=90383874-1583-4323-921e-545f4284893f}: bore_cli::client: new connection
2026-09-02T05:27:28.480861Z  INFO proxy{id=90383874-1583-4323-921e-545f4284893f}: bore_cli::client: connection exited
2026-09-02T05:27:34.122928Z  INFO proxy{id=c174683c-c47d-4274-9252-4b72f448fd73}: bore_cli::client: new connection
2026-09-02T05:28:05.422673Z  INFO proxy{id=c174683c-c47d-4274-9252-4b72f448fd73}: bore_cli::client: connection exited
2026-09-02T05:28:10.933834Z  INFO proxy{id=c78e2908-ffab-414b-9f3b-9a24cbb661d0}: bore_cli::client: new connection
2026-09-02T05:28:42.232985Z  INFO proxy{id=c78e2908-ffab-414b-9f3b-9a24cbb661d0}: bore_cli::client: connection exited
2026-09-02T05:28:47.898016Z  INFO proxy{id=ba1c09f0-bf44-4550-b41a-eec4c504fab9}: bore_cli::client: new connection
2026-09-02T05:29:19.207753Z  INFO proxy{id=ba1c09f0-bf44-4550-b41a-eec4c504fab9}: bore_cli::client: connection exited
2026-09-02T05:29:24.679279Z  INFO proxy{id=7fa6fb72-0754-46d1-80bd-4fe8623141c3}: bore_cli::client: new connection
2026-09-02T05:29:56.133562Z  INFO proxy{id=7fa6fb72-0754-46d1-80bd-4fe8623141c3}: bore_cli::client: connection exited
2026-09-02T05:30:01.641673Z  INFO proxy{id=b15d4356-5a9a-4144-a2cd-7d722ea60880}: bore_cli::client: new connection
2026-09-02T05:30:32.946723Z  INFO proxy{id=b15d4356-5a9a-4144-a2cd-7d722ea60880}: bore_cli::client: connection exited
2026-09-02T05:30:38.544048Z  INFO proxy{id=92554471-b254-49a7-ada4-ad98bf44ab16}: bore_cli::client: new connection
2026-09-02T05:31:09.811984Z  INFO proxy{id=92554471-b254-49a7-ada4-ad98bf44ab16}: bore_cli::client: connection exited
2026-09-02T05:31:15.574432Z  INFO proxy{id=ac1346a5-d11b-4b17-88dc-df9b864e263a}: bore_cli::client: new connection
2026-09-02T05:31:46.870131Z  INFO proxy{id=ac1346a5-d11b-4b17-88dc-df9b864e263a}: bore_cli::client: connection exited
2026-09-02T05:31:52.636126Z  INFO proxy{id=be0ace75-7e9a-4ac7-8a46-051acac907e9}: bore_cli::client: new connection
2026-09-02T05:32:24.001065Z  INFO proxy{id=be0ace75-7e9a-4ac7-8a46-051acac907e9}: bore_cli::client: connection exited
2026-09-02T05:32:29.810808Z  INFO proxy{id=46a87b8d-4e7e-4b1f-9456-68102198c6dc}: bore_cli::client: new connection
2026-09-02T05:33:02.188215Z  INFO proxy{id=46a87b8d-4e7e-4b1f-9456-68102198c6dc}: bore_cli::client: connection exited
2026-09-02T05:33:07.367919Z  INFO proxy{id=328572d1-7684-4db3-84fc-14a6213814ed}: bore_cli::client: new connection
2026-09-02T05:33:38.711603Z  INFO proxy{id=328572d1-7684-4db3-84fc-14a6213814ed}: bore_cli::client: connection exited
2026-09-02T05:33:44.104483Z  INFO proxy{id=0b04bb1b-3b59-49e4-b558-fb74011aa186}: bore_cli::client: new connection
2026-09-02T05:34:15.583071Z  INFO proxy{id=0b04bb1b-3b59-49e4-b558-fb74011aa186}: bore_cli::client: connection exited
2026-09-02T05:34:21.143391Z  INFO proxy{id=b8f2abf3-c4dd-4700-b331-e452cf89fa51}: bore_cli::client: new connection
2026-09-02T05:34:52.472228Z  INFO proxy{id=b8f2abf3-c4dd-4700-b331-e452cf89fa51}: bore_cli::client: connection exited
2026-09-02T05:34:58.417117Z  INFO proxy{id=307265bb-bc03-4bf8-8ca7-cb1f76f04f5f}: bore_cli::client: new connection
2026-09-02T05:35:29.754889Z  INFO proxy{id=307265bb-bc03-4bf8-8ca7-cb1f76f04f5f}: bore_cli::client: connection exited
2026-09-02T05:35:35.381589Z  INFO proxy{id=449d83a9-7f37-4840-8c00-7a083370f965}: bore_cli::client: new connection
2026-09-02T05:36:07.523039Z  INFO proxy{id=449d83a9-7f37-4840-8c00-7a083370f965}: bore_cli::client: connection exited
2026-09-02T05:36:12.984375Z  INFO proxy{id=847cfe32-ab8d-422f-a4b6-6c0958cb945f}: bore_cli::client: new connection
2026-09-02T05:36:44.319401Z  INFO proxy{id=847cfe32-ab8d-422f-a4b6-6c0958cb945f}: bore_cli::client: connection exited
2026-09-02T05:36:49.901848Z  INFO proxy{id=86244623-e9e2-41f8-8bc6-7b3e8dffb591}: bore_cli::client: new connection
2026-09-02T05:37:21.290699Z  INFO proxy{id=86244623-e9e2-41f8-8bc6-7b3e8dffb591}: bore_cli::client: connection exited
2026-09-02T05:37:26.756813Z  INFO proxy{id=ab978bfa-2523-4087-a769-76468cd3b658}: bore_cli::client: new connection
2026-09-02T05:37:59.071066Z  INFO proxy{id=ab978bfa-2523-4087-a769-76468cd3b658}: bore_cli::client: connection exited
2026-09-02T05:38:03.659086Z  INFO proxy{id=16ecc59e-4a23-4a80-8f38-d54133ab1041}: bore_cli::client: new connection
2026-09-02T05:38:35.022621Z  INFO proxy{id=16ecc59e-4a23-4a80-8f38-d54133ab1041}: bore_cli::client: connection exited
2026-09-02T05:38:41.752727Z  INFO proxy{id=b9e16b73-5951-4e8e-8351-f957c0758566}: bore_cli::client: new connection
2026-09-02T05:39:13.131452Z  INFO proxy{id=b9e16b73-5951-4e8e-8351-f957c0758566}: bore_cli::client: connection exited
2026-09-02T05:39:18.923172Z  INFO proxy{id=44ac1399-c0ed-4d4e-99ea-11f1451a06e7}: bore_cli::client: new connection
2026-09-02T05:39:50.246586Z  INFO proxy{id=44ac1399-c0ed-4d4e-99ea-11f1451a06e7}: bore_cli::client: connection exited
2026-09-02T05:39:56.019369Z  INFO proxy{id=b432ce39-dc8e-4751-85c9-8cfb1127a355}: bore_cli::client: new connection
2026-09-02T05:40:27.365468Z  INFO proxy{id=b432ce39-dc8e-4751-85c9-8cfb1127a355}: bore_cli::client: connection exited
2026-09-02T05:40:33.923608Z  INFO proxy{id=a7292329-1618-4902-b983-1188d8e4be09}: bore_cli::client: new connection
2026-09-02T05:41:05.305198Z  INFO proxy{id=a7292329-1618-4902-b983-1188d8e4be09}: bore_cli::client: connection exited
2026-09-02T05:41:11.070130Z  INFO proxy{id=f8f0d0fb-1a5c-4d05-99f4-0fb50ca0fc4f}: bore_cli::client: new connection
2026-09-02T05:41:42.462849Z  INFO proxy{id=f8f0d0fb-1a5c-4d05-99f4-0fb50ca0fc4f}: bore_cli::client: connection exited
2026-09-02T05:41:48.149210Z  INFO proxy{id=3abaa605-88d7-4d22-b1a0-7da2b8acc319}: bore_cli::client: new connection
2026-09-02T05:42:19.558355Z  INFO proxy{id=3abaa605-88d7-4d22-b1a0-7da2b8acc319}: bore_cli::client: connection exited
2026-09-02T05:42:25.270881Z  INFO proxy{id=a78e1f83-5f0e-49b9-afd9-02128cddd6b0}: bore_cli::client: new connection
2026-09-02T05:42:57.440794Z  INFO proxy{id=a78e1f83-5f0e-49b9-afd9-02128cddd6b0}: bore_cli::client: connection exited
2026-09-02T05:43:02.918529Z  INFO proxy{id=2296e33c-8cf3-4a79-b7bd-88062c5aa21d}: bore_cli::client: new connection
2026-09-02T05:43:34.238297Z  INFO proxy{id=2296e33c-8cf3-4a79-b7bd-88062c5aa21d}: bore_cli::client: connection exited
2026-09-02T05:43:40.268211Z  INFO proxy{id=3502aeb4-fd25-4247-8d4d-df60d05ffb45}: bore_cli::client: new connection
2026-09-02T05:44:12.632696Z  INFO proxy{id=3502aeb4-fd25-4247-8d4d-df60d05ffb45}: bore_cli::client: connection exited
2026-09-02T05:44:18.132797Z  INFO proxy{id=8d5f41f9-8006-461e-af46-dcb72ee56943}: bore_cli::client: new connection
2026-09-02T05:44:49.578875Z  INFO proxy{id=8d5f41f9-8006-461e-af46-dcb72ee56943}: bore_cli::client: connection exited
2026-09-02T05:44:55.059230Z  INFO proxy{id=a5a5eef5-7b7e-4389-b6e6-f935d9e80404}: bore_cli::client: new connection
2026-09-02T05:45:26.379734Z  INFO proxy{id=a5a5eef5-7b7e-4389-b6e6-f935d9e80404}: bore_cli::client: connection exited
2026-09-02T05:45:31.988019Z  INFO proxy{id=eff56510-89ed-4bc2-b9c2-e397ec847e27}: bore_cli::client: new connection
2026-09-02T05:46:03.518514Z  INFO proxy{id=eff56510-89ed-4bc2-b9c2-e397ec847e27}: bore_cli::client: connection exited
2026-09-02T05:46:09.024138Z  INFO proxy{id=969e553b-360f-477b-886f-c19b72d659b8}: bore_cli::client: new connection
2026-09-02T05:46:40.458232Z  INFO proxy{id=969e553b-360f-477b-886f-c19b72d659b8}: bore_cli::client: connection exited
2026-09-02T05:46:45.948849Z  INFO proxy{id=250779e1-c47c-4a8e-8672-cf916080e8b5}: bore_cli::client: new connection
2026-09-02T05:47:17.987226Z  INFO proxy{id=250779e1-c47c-4a8e-8672-cf916080e8b5}: bore_cli::client: connection exited
2026-09-02T05:47:22.860832Z  INFO proxy{id=ca5a57a7-daac-4db3-aa82-3c515cdc20e2}: bore_cli::client: new connection
2026-09-02T05:47:54.230588Z  INFO proxy{id=ca5a57a7-daac-4db3-aa82-3c515cdc20e2}: bore_cli::client: connection exited
2026-09-02T05:48:00.148376Z  INFO proxy{id=596782b9-a8af-41e2-8d26-63f7eff577b6}: bore_cli::client: new connection
2026-09-02T05:48:31.503508Z  INFO proxy{id=596782b9-a8af-41e2-8d26-63f7eff577b6}: bore_cli::client: connection exited
2026-09-02T05:48:37.113457Z  INFO proxy{id=ca125990-6cc7-4c24-8405-c95ca3092745}: bore_cli::client: new connection
2026-09-02T05:49:08.472911Z  INFO proxy{id=ca125990-6cc7-4c24-8405-c95ca3092745}: bore_cli::client: connection exited
2026-09-02T05:49:13.967975Z  INFO proxy{id=a37ddff5-fd53-45f3-baa0-384cf687fe37}: bore_cli::client: new connection
2026-09-02T05:49:45.279578Z  INFO proxy{id=a37ddff5-fd53-45f3-baa0-384cf687fe37}: bore_cli::client: connection exited
2026-09-02T05:49:50.877628Z  INFO proxy{id=e66d72e1-7fb7-45df-a2bc-1afd359a9ffe}: bore_cli::client: new connection
2026-09-02T05:50:22.309675Z  INFO proxy{id=e66d72e1-7fb7-45df-a2bc-1afd359a9ffe}: bore_cli::client: connection exited
2026-09-02T05:50:27.718531Z  INFO proxy{id=7c3f1229-6059-4846-8997-f8b2292cd8f8}: bore_cli::client: new connection
2026-09-02T05:50:59.023575Z  INFO proxy{id=7c3f1229-6059-4846-8997-f8b2292cd8f8}: bore_cli::client: connection exited
2026-09-02T05:51:04.604504Z  INFO proxy{id=2412ad27-f86f-4211-b631-5902bf9360b8}: bore_cli::client: new connection
2026-09-02T05:51:35.988284Z  INFO proxy{id=2412ad27-f86f-4211-b631-5902bf9360b8}: bore_cli::client: connection exited
2026-09-02T05:51:41.459152Z  INFO proxy{id=bdc17eeb-7ab7-4569-a25b-0340dcc22b55}: bore_cli::client: new connection
2026-09-02T05:52:12.788127Z  INFO proxy{id=bdc17eeb-7ab7-4569-a25b-0340dcc22b55}: bore_cli::client: connection exited
2026-09-02T05:52:18.354511Z  INFO proxy{id=02a933e4-5cdd-4469-98c5-f41d2e98f027}: bore_cli::client: new connection
2026-09-02T05:52:49.767197Z  INFO proxy{id=02a933e4-5cdd-4469-98c5-f41d2e98f027}: bore_cli::client: connection exited
2026-09-02T05:52:55.228661Z  INFO proxy{id=25d4315b-bc49-4299-81da-5030b3c9a99e}: bore_cli::client: new connection
2026-09-02T05:53:26.726603Z  INFO proxy{id=25d4315b-bc49-4299-81da-5030b3c9a99e}: bore_cli::client: connection exited
2026-09-02T05:53:32.179595Z  INFO proxy{id=e20e075a-b750-49c9-8fff-c9ef711f717a}: bore_cli::client: new connection
2026-09-02T05:54:03.502857Z  INFO proxy{id=e20e075a-b750-49c9-8fff-c9ef711f717a}: bore_cli::client: connection exited
2026-09-02T05:54:09.138587Z  INFO proxy{id=bbb6eb14-03b7-44b2-978e-0d4022c833b1}: bore_cli::client: new connection
2026-09-02T05:54:40.465287Z  INFO proxy{id=bbb6eb14-03b7-44b2-978e-0d4022c833b1}: bore_cli::client: connection exited
2026-09-02T05:54:46.898293Z  INFO proxy{id=aa96921c-c747-46ce-a2fd-3e1528c0887a}: bore_cli::client: new connection
2026-09-02T05:55:18.313782Z  INFO proxy{id=aa96921c-c747-46ce-a2fd-3e1528c0887a}: bore_cli::client: connection exited
2026-09-02T05:55:23.826894Z  INFO proxy{id=7a53b1d7-a9db-49c6-b039-a95163236f38}: bore_cli::client: new connection
2026-09-02T05:55:55.191706Z  INFO proxy{id=7a53b1d7-a9db-49c6-b039-a95163236f38}: bore_cli::client: connection exited
2026-09-02T05:56:00.657483Z  INFO proxy{id=0342ed84-e48c-4f16-8f26-7b2dae0dbbde}: bore_cli::client: new connection
2026-09-02T05:56:32.149096Z  INFO proxy{id=0342ed84-e48c-4f16-8f26-7b2dae0dbbde}: bore_cli::client: connection exited
2026-09-02T05:56:37.618830Z  INFO proxy{id=f73b20de-7c0d-411f-92ef-0b81f95bdc6a}: bore_cli::client: new connection
2026-09-02T05:57:08.961408Z  INFO proxy{id=f73b20de-7c0d-411f-92ef-0b81f95bdc6a}: bore_cli::client: connection exited
2026-09-02T05:57:14.550299Z  INFO proxy{id=1be204d5-0080-4cf7-8616-23292d7310c1}: bore_cli::client: new connection
2026-09-02T05:57:45.920933Z  INFO proxy{id=1be204d5-0080-4cf7-8616-23292d7310c1}: bore_cli::client: connection exited
2026-09-02T05:57:51.384467Z  INFO proxy{id=8301769c-f616-4e78-ab9b-baa99a6a7eae}: bore_cli::client: new connection
2026-09-02T05:58:22.764623Z  INFO proxy{id=8301769c-f616-4e78-ab9b-baa99a6a7eae}: bore_cli::client: connection exited
2026-09-02T05:58:29.114242Z  INFO proxy{id=a1644220-c862-4b72-83b0-bb51421a4a83}: bore_cli::client: new connection
2026-09-02T05:59:00.457752Z  INFO proxy{id=a1644220-c862-4b72-83b0-bb51421a4a83}: bore_cli::client: connection exited
2026-09-02T05:59:06.095491Z  INFO proxy{id=6c3f7c11-0d0a-44ab-b96a-ea21e9f1c82b}: bore_cli::client: new connection
2026-09-02T05:59:37.458337Z  INFO proxy{id=6c3f7c11-0d0a-44ab-b96a-ea21e9f1c82b}: bore_cli::client: connection exited
2026-09-02T05:59:42.919026Z  INFO proxy{id=6064acfa-97cd-4685-9818-5beb7fec5786}: bore_cli::client: new connection
2026-09-02T06:00:14.232400Z  INFO proxy{id=6064acfa-97cd-4685-9818-5beb7fec5786}: bore_cli::client: connection exited
2026-09-02T06:00:19.863325Z  INFO proxy{id=64638b32-41c9-45c8-9762-d328dd094e5a}: bore_cli::client: new connection
2026-09-02T06:00:51.196877Z  INFO proxy{id=64638b32-41c9-45c8-9762-d328dd094e5a}: bore_cli::client: connection exited
2026-09-02T06:00:56.669368Z  INFO proxy{id=ea8000c2-a452-444a-bac4-84945bf6367b}: bore_cli::client: new connection
2026-09-02T06:01:29.141804Z  INFO proxy{id=ea8000c2-a452-444a-bac4-84945bf6367b}: bore_cli::client: connection exited
2026-09-02T06:01:35.597554Z  INFO proxy{id=376b8aee-26de-4c2b-a202-32f047b014c8}: bore_cli::client: new connection
2026-09-02T06:02:07.013496Z  INFO proxy{id=376b8aee-26de-4c2b-a202-32f047b014c8}: bore_cli::client: connection exited
2026-09-02T06:02:12.829484Z  INFO proxy{id=553a4536-3bc8-4776-adda-33b26941e6c4}: bore_cli::client: new connection
2026-09-02T06:02:44.314162Z  INFO proxy{id=553a4536-3bc8-4776-adda-33b26941e6c4}: bore_cli::client: connection exited
2026-09-02T06:02:49.981143Z  INFO proxy{id=1e072852-9e88-4377-b997-11346cf37e35}: bore_cli::client: new connection
2026-09-02T06:03:21.433742Z  INFO proxy{id=1e072852-9e88-4377-b997-11346cf37e35}: bore_cli::client: connection exited
2026-09-02T06:03:27.177142Z  INFO proxy{id=c033644a-a0b0-418d-b828-72ed553701a7}: bore_cli::client: new connection
2026-09-02T06:03:58.598965Z  INFO proxy{id=c033644a-a0b0-418d-b828-72ed553701a7}: bore_cli::client: connection exited
2026-09-02T06:04:04.335077Z  INFO proxy{id=21a3cc28-75fe-413f-a5d8-8181a6733e69}: bore_cli::client: new connection
2026-09-02T06:04:35.700295Z  INFO proxy{id=21a3cc28-75fe-413f-a5d8-8181a6733e69}: bore_cli::client: connection exited
2026-09-02T06:04:41.477334Z  INFO proxy{id=e4adc17b-1a15-444a-9a35-699c381ba5c4}: bore_cli::client: new connection
2026-09-02T06:05:12.943073Z  INFO proxy{id=e4adc17b-1a15-444a-9a35-699c381ba5c4}: bore_cli::client: connection exited
2026-09-02T06:05:18.637306Z  INFO proxy{id=c6b22b66-7809-412b-a675-88d948ee8922}: bore_cli::client: new connection
2026-09-02T06:05:50.076070Z  INFO proxy{id=c6b22b66-7809-412b-a675-88d948ee8922}: bore_cli::client: connection exited
2026-09-02T06:05:55.649743Z  INFO proxy{id=9a544cf8-6d57-42fc-aa51-0bc71206cfd3}: bore_cli::client: new connection
2026-09-02T06:06:27.092476Z  INFO proxy{id=9a544cf8-6d57-42fc-aa51-0bc71206cfd3}: bore_cli::client: connection exited
2026-09-02T06:06:32.505847Z  INFO proxy{id=c5f8de66-56de-4531-927f-e259c9e12068}: bore_cli::client: new connection
2026-09-02T06:07:03.848429Z  INFO proxy{id=c5f8de66-56de-4531-927f-e259c9e12068}: bore_cli::client: connection exited
2026-09-02T06:07:09.436947Z  INFO proxy{id=07117d4d-ae9b-491d-a204-2f0a864da2fd}: bore_cli::client: new connection
2026-09-02T06:07:40.783431Z  INFO proxy{id=07117d4d-ae9b-491d-a204-2f0a864da2fd}: bore_cli::client: connection exited
2026-09-02T06:07:46.264063Z  INFO proxy{id=b10090db-c99f-48e7-9653-062ea7361980}: bore_cli::client: new connection
2026-09-02T06:08:18.718839Z  INFO proxy{id=b10090db-c99f-48e7-9653-062ea7361980}: bore_cli::client: connection exited
2026-09-02T06:08:24.208698Z  INFO proxy{id=df97d6ae-53a4-41a9-8c25-3068a2bf8a9d}: bore_cli::client: new connection
2026-09-02T06:08:55.708067Z  INFO proxy{id=df97d6ae-53a4-41a9-8c25-3068a2bf8a9d}: bore_cli::client: connection exited
2026-09-02T06:09:01.168346Z  INFO proxy{id=122eb1fc-20c2-4202-baec-6f4996d19cfc}: bore_cli::client: new connection
2026-09-02T06:09:35.362918Z  INFO proxy{id=122eb1fc-20c2-4202-baec-6f4996d19cfc}: bore_cli::client: connection exited
2026-09-02T06:09:38.111278Z  INFO proxy{id=cda23fd7-8a4e-45ae-b090-492ec206669f}: bore_cli::client: new connection
2026-09-02T06:10:09.441363Z  INFO proxy{id=cda23fd7-8a4e-45ae-b090-492ec206669f}: bore_cli::client: connection exited
2026-09-02T06:10:15.031518Z  INFO proxy{id=e25c75ea-a106-46d2-837a-7e1feebad4f9}: bore_cli::client: new connection
2026-09-02T06:10:47.348377Z  INFO proxy{id=e25c75ea-a106-46d2-837a-7e1feebad4f9}: bore_cli::client: connection exited
2026-09-02T06:10:52.822765Z  INFO proxy{id=b17332ba-7b26-4cf2-a68a-a79a40b71e98}: bore_cli::client: new connection
2026-09-02T06:11:24.170276Z  INFO proxy{id=b17332ba-7b26-4cf2-a68a-a79a40b71e98}: bore_cli::client: connection exited
2026-09-02T06:11:29.796411Z  INFO proxy{id=debd8f7d-d601-41a1-b1bd-3f1a3b99f8b5}: bore_cli::client: new connection
2026-09-02T06:12:01.107957Z  INFO proxy{id=debd8f7d-d601-41a1-b1bd-3f1a3b99f8b5}: bore_cli::client: connection exited
2026-09-02T06:12:06.585962Z  INFO proxy{id=559b3897-6179-490e-9a90-ed1e55dc5a12}: bore_cli::client: new connection
2026-09-02T06:12:37.911311Z  INFO proxy{id=559b3897-6179-490e-9a90-ed1e55dc5a12}: bore_cli::client: connection exited
2026-09-02T06:12:43.510695Z  INFO proxy{id=d22fc9dc-32c1-466a-8442-03ab7b07a05f}: bore_cli::client: new connection
2026-09-02T06:13:14.881512Z  INFO proxy{id=d22fc9dc-32c1-466a-8442-03ab7b07a05f}: bore_cli::client: connection exited
2026-09-02T06:13:20.362370Z  INFO proxy{id=f37520d2-a9b9-430b-82a8-a41f75cf7f2d}: bore_cli::client: new connection
2026-09-02T06:13:51.673067Z  INFO proxy{id=f37520d2-a9b9-430b-82a8-a41f75cf7f2d}: bore_cli::client: connection exited
2026-09-02T06:13:57.348270Z  INFO proxy{id=11fb4d57-7d75-440e-b8cd-a9a5f0dcd05d}: bore_cli::client: new connection
2026-09-02T06:14:28.698320Z  INFO proxy{id=11fb4d57-7d75-440e-b8cd-a9a5f0dcd05d}: bore_cli::client: connection exited
2026-09-02T06:14:34.355902Z  INFO proxy{id=7d162dc2-60e1-4f90-98ca-a4af49c04f4b}: bore_cli::client: new connection
2026-09-02T06:15:05.751280Z  INFO proxy{id=7d162dc2-60e1-4f90-98ca-a4af49c04f4b}: bore_cli::client: connection exited
2026-09-02T06:15:11.239800Z  INFO proxy{id=1a58918e-8254-4583-abab-2bbcd29a394a}: bore_cli::client: new connection
2026-09-02T06:15:42.553862Z  INFO proxy{id=1a58918e-8254-4583-abab-2bbcd29a394a}: bore_cli::client: connection exited
2026-09-02T06:15:48.920292Z  INFO proxy{id=f057cf09-8c42-4b23-bae8-586266776d26}: bore_cli::client: new connection
2026-09-02T06:16:20.287622Z  INFO proxy{id=f057cf09-8c42-4b23-bae8-586266776d26}: bore_cli::client: connection exited
2026-09-02T06:16:25.941900Z  INFO proxy{id=59b68ae9-4e30-4a06-abcc-1aefe5479ea5}: bore_cli::client: new connection
2026-09-02T06:16:57.281673Z  INFO proxy{id=59b68ae9-4e30-4a06-abcc-1aefe5479ea5}: bore_cli::client: connection exited
2026-09-02T06:17:02.753849Z  INFO proxy{id=1d1f6cf2-055d-4ce0-af82-cb67dc03135f}: bore_cli::client: new connection
2026-09-02T06:17:34.071763Z  INFO proxy{id=1d1f6cf2-055d-4ce0-af82-cb67dc03135f}: bore_cli::client: connection exited
2026-09-02T06:17:39.659427Z  INFO proxy{id=081b8ac7-edc0-4bd7-84f3-1376647cfb3f}: bore_cli::client: new connection
2026-09-02T06:18:11.035595Z  INFO proxy{id=081b8ac7-edc0-4bd7-84f3-1376647cfb3f}: bore_cli::client: connection exited
2026-09-02T06:18:16.442898Z  INFO proxy{id=e33e8abf-797a-4c4e-b198-99af523606ee}: bore_cli::client: new connection
2026-09-02T06:18:48.482564Z  INFO proxy{id=e33e8abf-797a-4c4e-b198-99af523606ee}: bore_cli::client: connection exited
2026-09-02T06:18:53.968019Z  INFO proxy{id=b35c6358-8415-4a47-9ebb-3d70c183319d}: bore_cli::client: new connection
2026-09-02T06:19:25.430918Z  INFO proxy{id=b35c6358-8415-4a47-9ebb-3d70c183319d}: bore_cli::client: connection exited
2026-09-02T06:19:30.926425Z  INFO proxy{id=eaf2715f-3662-438e-bb7f-eac3f2f3f114}: bore_cli::client: new connection
2026-09-02T06:20:02.226290Z  INFO proxy{id=eaf2715f-3662-438e-bb7f-eac3f2f3f114}: bore_cli::client: connection exited
2026-09-02T06:20:07.827228Z  INFO proxy{id=4f91595a-5ff6-4a78-addf-22faf6525c00}: bore_cli::client: new connection
2026-09-02T06:20:39.186770Z  INFO proxy{id=4f91595a-5ff6-4a78-addf-22faf6525c00}: bore_cli::client: connection exited
2026-09-02T06:20:44.669643Z  INFO proxy{id=2773b3ea-01f8-4ce3-bbda-9542027cab70}: bore_cli::client: new connection
2026-09-02T06:21:16.014482Z  INFO proxy{id=2773b3ea-01f8-4ce3-bbda-9542027cab70}: bore_cli::client: connection exited
2026-09-02T06:21:21.607629Z  INFO proxy{id=f5e43248-4a49-406f-838b-a01129fa851e}: bore_cli::client: new connection
2026-09-02T06:21:52.952210Z  INFO proxy{id=f5e43248-4a49-406f-838b-a01129fa851e}: bore_cli::client: connection exited
2026-09-02T06:21:58.438008Z  INFO proxy{id=efca79a1-3260-4862-93c5-b46e00cd9fc7}: bore_cli::client: new connection
2026-09-02T06:22:30.936630Z  INFO proxy{id=efca79a1-3260-4862-93c5-b46e00cd9fc7}: bore_cli::client: connection exited
2026-09-02T06:22:37.482269Z  INFO proxy{id=85d68915-99ba-4592-9633-f3b43f00f342}: bore_cli::client: new connection
2026-09-02T06:23:08.968394Z  INFO proxy{id=85d68915-99ba-4592-9633-f3b43f00f342}: bore_cli::client: connection exited
2026-09-02T06:23:14.445872Z  INFO proxy{id=0922aedd-90d7-4dac-a017-90e0ba8d2bb0}: bore_cli::client: new connection
2026-09-02T06:23:45.788861Z  INFO proxy{id=0922aedd-90d7-4dac-a017-90e0ba8d2bb0}: bore_cli::client: connection exited
2026-09-02T06:23:51.335624Z  INFO proxy{id=a66e1a81-60db-48d2-b040-4daf0cb5f7ca}: bore_cli::client: new connection
2026-09-02T06:24:22.590309Z  INFO proxy{id=a66e1a81-60db-48d2-b040-4daf0cb5f7ca}: bore_cli::client: connection exited
2026-09-02T06:24:28.133826Z  INFO proxy{id=74e0385f-23ac-47ed-be2d-ceb69a643d95}: bore_cli::client: new connection
2026-09-02T06:25:00.479183Z  INFO proxy{id=74e0385f-23ac-47ed-be2d-ceb69a643d95}: bore_cli::client: connection exited
2026-09-02T06:25:06.082389Z  INFO proxy{id=2453f007-c0ce-4eac-b8eb-b94ce3a93947}: bore_cli::client: new connection
2026-09-02T06:25:37.434594Z  INFO proxy{id=2453f007-c0ce-4eac-b8eb-b94ce3a93947}: bore_cli::client: connection exited
2026-09-02T06:25:42.876904Z  INFO proxy{id=68826f6b-63ce-4e2c-8fd0-4656fbdff724}: bore_cli::client: new connection
2026-09-02T06:26:14.318048Z  INFO proxy{id=68826f6b-63ce-4e2c-8fd0-4656fbdff724}: bore_cli::client: connection exited
2026-09-02T06:26:19.763439Z  INFO proxy{id=ef883967-142d-41c9-b143-8f5302c3389c}: bore_cli::client: new connection
2026-09-02T06:26:51.194644Z  INFO proxy{id=ef883967-142d-41c9-b143-8f5302c3389c}: bore_cli::client: connection exited
2026-09-02T06:26:56.666273Z  INFO proxy{id=adb318bf-0e8d-437d-88d9-b458bf6a5887}: bore_cli::client: new connection
2026-09-02T06:27:28.167203Z  INFO proxy{id=adb318bf-0e8d-437d-88d9-b458bf6a5887}: bore_cli::client: connection exited
2026-09-02T06:27:33.630207Z  INFO proxy{id=5f79ee34-cb65-49a0-b948-b17f371ca8e8}: bore_cli::client: new connection
2026-09-02T06:28:04.957358Z  INFO proxy{id=5f79ee34-cb65-49a0-b948-b17f371ca8e8}: bore_cli::client: connection exited
2026-09-02T06:28:10.635774Z  INFO proxy{id=7b75070d-af1c-4fa8-b25a-029ccc03292f}: bore_cli::client: new connection
2026-09-02T06:28:42.055353Z  INFO proxy{id=7b75070d-af1c-4fa8-b25a-029ccc03292f}: bore_cli::client: connection exited
2026-09-02T06:28:47.830858Z  INFO proxy{id=f25ace3c-0696-4275-9580-84cf3c6ecd0c}: bore_cli::client: new connection
2026-09-02T06:29:19.205864Z  INFO proxy{id=f25ace3c-0696-4275-9580-84cf3c6ecd0c}: bore_cli::client: connection exited
2026-09-02T06:29:24.991185Z  INFO proxy{id=60d89ee9-3a05-4f7f-8003-a8dceab01665}: bore_cli::client: new connection
2026-09-02T06:29:57.109686Z  INFO proxy{id=60d89ee9-3a05-4f7f-8003-a8dceab01665}: bore_cli::client: connection exited
2026-09-02T06:30:03.090697Z  INFO proxy{id=9a8ca4cf-4f18-4a85-99ed-a330a239d650}: bore_cli::client: new connection
2026-09-02T06:30:34.702302Z  INFO proxy{id=9a8ca4cf-4f18-4a85-99ed-a330a239d650}: bore_cli::client: connection exited
2026-09-02T06:30:40.338611Z  INFO proxy{id=7bf06c77-6a18-437b-8b78-98e17258cd60}: bore_cli::client: new connection
2026-09-02T06:31:11.679191Z  INFO proxy{id=7bf06c77-6a18-437b-8b78-98e17258cd60}: bore_cli::client: connection exited
2026-09-02T06:31:17.145263Z  INFO proxy{id=64dcfa3f-e3bc-49a8-a8cb-bbd20862cf4b}: bore_cli::client: new connection
2026-09-02T06:31:48.481683Z  INFO proxy{id=64dcfa3f-e3bc-49a8-a8cb-bbd20862cf4b}: bore_cli::client: connection exited
2026-09-02T06:31:54.063627Z  INFO proxy{id=817a47a9-447d-4f3d-9b2a-a34ced985ef5}: bore_cli::client: new connection
2026-09-02T06:32:25.419813Z  INFO proxy{id=817a47a9-447d-4f3d-9b2a-a34ced985ef5}: bore_cli::client: connection exited
