[SIM] listening on 127.0.0.1:18888, mode=»Ø¸´ÐÄÌø
[SIM] client connected: 127.0.0.1:58827
[RX] cmd=0x01, seq=0x0001, paramLen=28, time=15:50:17
EA 27 00 01 01 00 90 05 34 01 00 01 38 39 38 36 30 38 35 36 31 31 32 34 39 30 32 39 38 36 36 30 02 04 00 00 00 00 00 00 10 69
[TX] cmd=0x01, seq=0x0001, paramLen=0
EA 0B 00 01 01 00 90 05 34 01 00 01 58 FC
[RX] cmd=0x81, seq=0x0002, paramLen=5, time=15:50:18
EA 10 00 01 01 00 90 05 34 02 00 81 02 1E FC FF FF BA DB
[TX] cmd=0x81, seq=0x0002, paramLen=0
EA 0B 00 01 01 00 90 05 34 02 00 81 A9 5C
[TX] cmd=0x04, seq=0x0003, paramLen=30
EA 29 00 01 01 00 90 05 34 03 00 04 62 6F 72 65 2E 70 75 62 00 00 00 00 00 00 00 00 00 00 00 00 00 00 00 00 34 38 33 36 32 00 0D 24
[RX] cmd=0x81, seq=0x0003, paramLen=5, time=15:55:18
EA 10 00 01 01 00 90 05 34 03 00 81 02 1E FC FF FF 7B 17
[TX] cmd=0x81, seq=0x0004, paramLen=0
EA 0B 00 01 01 00 90 05 34 04 00 81 49 5D
[RX] cmd=0x81, seq=0x0004, paramLen=5, time=16:00:18
EA 10 00 01 01 00 90 05 34 04 00 81 02 1E FC FF FF 3A F1
[TX] cmd=0x81, seq=0x0005, paramLen=0
EA 0B 00 01 01 00 90 05 34 05 00 81 18 9D
